127.0.0.1 - - [15/Jan/2019:09:07:48 +0100] "GET / HTTP/1.1" 404 996
0:0:0:0:0:0:0:1 - - [15/Jan/2019:09:08:03 +0100] "POST /topaidi/brain/3/newIdea HTTP/1.1" 500 10609
0:0:0:0:0:0:0:1 - - [15/Jan/2019:09:08:03 +0100] "GET /favicon.ico HTTP/1.1" 404 1007
0:0:0:0:0:0:0:1 - - [15/Jan/2019:09:12:31 +0100] "POST /topaidi/brain/3/newIdea HTTP/1.1" 500 10609
0:0:0:0:0:0:0:1 - - [15/Jan/2019:09:12:34 +0100] "GET /topaidi/brain/3/newIdea HTTP/1.1" 200 2617
0:0:0:0:0:0:0:1 - - [15/Jan/2019:09:12:35 +0100] "GET /topaidi/css/style.css HTTP/1.1" 304 -
0:0:0:0:0:0:0:1 - - [15/Jan/2019:09:12:48 +0100] "POST /topaidi/brain/3/newIdea HTTP/1.1" 500 10609
127.0.0.1 - - [15/Jan/2019:09:19:14 +0100] "GET / HTTP/1.1" 404 996
127.0.0.1 - - [15/Jan/2019:09:20:39 +0100] "GET / HTTP/1.1" 404 996
127.0.0.1 - - [15/Jan/2019:09:22:23 +0100] "GET / HTTP/1.1" 404 996
0:0:0:0:0:0:0:1 - - [15/Jan/2019:09:22:26 +0100] "GET /topaidi/brain/3/newIdea HTTP/1.1" 200 2617
0:0:0:0:0:0:0:1 - - [15/Jan/2019:09:22:33 +0100] "POST /topaidi/brain/3/newIdea HTTP/1.1" 500 10609
0:0:0:0:0:0:0:1 - - [15/Jan/2019:09:27:43 +0100] "GET /topaidi/home HTTP/1.1" 500 16205
127.0.0.1 - - [15/Jan/2019:09:28:20 +0100] "GET / HTTP/1.1" 404 996
0:0:0:0:0:0:0:1 - - [15/Jan/2019:09:28:28 +0100] "GET /topaidi/home HTTP/1.1" 500 16205
0:0:0:0:0:0:0:1 - - [15/Jan/2019:09:29:07 +0100] "GET /topaidi/home HTTP/1.1" 200 2936
0:0:0:0:0:0:0:1 - - [15/Jan/2019:09:32:41 +0100] "GET /topaidi/home HTTP/1.1" 200 2968
0:0:0:0:0:0:0:1 - - [15/Jan/2019:09:35:40 +0100] "GET /topaidi/home HTTP/1.1" 200 2931
0:0:0:0:0:0:0:1 - - [15/Jan/2019:09:36:48 +0100] "GET /topaidi/brain/3/welcome HTTP/1.1" 200 1786
0:0:0:0:0:0:0:1 - - [15/Jan/2019:09:36:57 +0100] "GET /topaidi/brain/3/newIdea HTTP/1.1" 200 2648
0:0:0:0:0:0:0:1 - - [15/Jan/2019:09:37:15 +0100] "GET /topaidi/brain/3/newIdea HTTP/1.1" 200 2652
0:0:0:0:0:0:0:1 - - [15/Jan/2019:09:37:29 +0100] "GET /topaidi/brain/3/newIdea HTTP/1.1" 500 7440
0:0:0:0:0:0:0:1 - - [15/Jan/2019:09:37:36 +0100] "GET /topaidi/brain/3/newIdea HTTP/1.1" 200 2652
127.0.0.1 - - [15/Jan/2019:09:41:45 +0100] "GET / HTTP/1.1" 404 996
0:0:0:0:0:0:0:1 - - [15/Jan/2019:09:41:53 +0100] "GET /topaidi/brain/3/newIdea HTTP/1.1" 200 2578
0:0:0:0:0:0:0:1 - - [15/Jan/2019:09:41:53 +0100] "GET /topaidi/brain/3/newIdea HTTP/1.1" 200 2578
0:0:0:0:0:0:0:1 - - [15/Jan/2019:09:42:42 +0100] "POST /topaidi/brain/3/newIdea HTTP/1.1" 500 10609
127.0.0.1 - - [15/Jan/2019:09:44:12 +0100] "GET / HTTP/1.1" 404 996
0:0:0:0:0:0:0:1 - - [15/Jan/2019:09:45:08 +0100] "GET /topaidi/brain/3/newIdea HTTP/1.1" 200 2578
0:0:0:0:0:0:0:1 - - [15/Jan/2019:09:45:46 +0100] "GET /topaidi/brain/3/newIdea HTTP/1.1" 200 2578
127.0.0.1 - - [15/Jan/2019:09:48:52 +0100] "GET / HTTP/1.1" 404 996
0:0:0:0:0:0:0:1 - - [15/Jan/2019:09:48:58 +0100] "GET /topaidi/brain/3/newIdea HTTP/1.1" 500 6742
0:0:0:0:0:0:0:1 - - [15/Jan/2019:09:49:17 +0100] "GET /topaidi/brain/3/newIdea HTTP/1.1" 200 2578
0:0:0:0:0:0:0:1 - - [15/Jan/2019:09:49:22 +0100] "POST /topaidi/brain/3/newIdea HTTP/1.1" 500 10609
127.0.0.1 - - [15/Jan/2019:09:51:36 +0100] "GET / HTTP/1.1" 404 996
0:0:0:0:0:0:0:1 - - [15/Jan/2019:09:51:49 +0100] "GET /topaidi/brain/3/newIdea HTTP/1.1" 200 2578
0:0:0:0:0:0:0:1 - - [15/Jan/2019:09:53:38 +0100] "GET /topaidi/home HTTP/1.1" 200 2931
0:0:0:0:0:0:0:1 - - [15/Jan/2019:09:53:46 +0100] "GET /topaidi/newBrain HTTP/1.1" 200 3010
0:0:0:0:0:0:0:1 - - [15/Jan/2019:09:53:57 +0100] "POST /topaidi/newBrain HTTP/1.1" 302 -
0:0:0:0:0:0:0:1 - - [15/Jan/2019:09:53:57 +0100] "GET /topaidi/home?action=confirm HTTP/1.1" 200 3106
0:0:0:0:0:0:0:1 - - [15/Jan/2019:09:54:14 +0100] "GET /topaidi/brain/1/newIdea HTTP/1.1" 200 2578
127.0.0.1 - - [15/Jan/2019:09:55:31 +0100] "GET / HTTP/1.1" 404 996
0:0:0:0:0:0:0:1 - - [15/Jan/2019:09:55:33 +0100] "GET /topaidi/brain/1/newIdea HTTP/1.1" 200 2578
0:0:0:0:0:0:0:1 - - [15/Jan/2019:09:55:33 +0100] "GET /topaidi/brain/1/newIdea HTTP/1.1" 200 2578
0:0:0:0:0:0:0:1 - - [15/Jan/2019:09:55:40 +0100] "POST /topaidi/brain/1/newIdea HTTP/1.1" 500 10609
127.0.0.1 - - [15/Jan/2019:09:56:17 +0100] "GET / HTTP/1.1" 404 996
0:0:0:0:0:0:0:1 - - [15/Jan/2019:09:56:25 +0100] "GET /topaidi/brain/1/newIdea HTTP/1.1" 200 2578
0:0:0:0:0:0:0:1 - - [15/Jan/2019:09:58:02 +0100] "POST /topaidi/brain/1/newIdea HTTP/1.1" 500 10609
127.0.0.1 - - [15/Jan/2019:09:59:17 +0100] "GET / HTTP/1.1" 404 996
0:0:0:0:0:0:0:1 - - [15/Jan/2019:09:59:19 +0100] "GET /topaidi/brain/1/newIdea HTTP/1.1" 200 2578
0:0:0:0:0:0:0:1 - - [15/Jan/2019:10:00:42 +0100] "POST /topaidi/brain/1/newIdea HTTP/1.1" 500 10609
127.0.0.1 - - [15/Jan/2019:10:03:41 +0100] "GET / HTTP/1.1" 404 996
0:0:0:0:0:0:0:1 - - [15/Jan/2019:10:03:42 +0100] "GET /topaidi/brain/1/newIdea HTTP/1.1" 200 2578
0:0:0:0:0:0:0:1 - - [15/Jan/2019:10:03:48 +0100] "POST /topaidi/brain/1/newIdea HTTP/1.1" 500 10609
127.0.0.1 - - [15/Jan/2019:10:05:31 +0100] "GET / HTTP/1.1" 404 996
0:0:0:0:0:0:0:1 - - [15/Jan/2019:10:05:33 +0100] "GET /topaidi/brain/1/newIdea HTTP/1.1" 200 2578
127.0.0.1 - - [15/Jan/2019:10:06:43 +0100] "GET / HTTP/1.1" 404 996
0:0:0:0:0:0:0:1 - - [15/Jan/2019:10:06:48 +0100] "GET /topaidi/brain/1/newIdea HTTP/1.1" 200 2578
0:0:0:0:0:0:0:1 - - [15/Jan/2019:10:06:59 +0100] "POST /topaidi/brain/1/newIdea HTTP/1.1" 500 10609
127.0.0.1 - - [15/Jan/2019:10:08:21 +0100] "GET / HTTP/1.1" 404 996
0:0:0:0:0:0:0:1 - - [15/Jan/2019:10:08:22 +0100] "GET /topaidi/brain/1/newIdea HTTP/1.1" 200 2578
0:0:0:0:0:0:0:1 - - [15/Jan/2019:10:08:22 +0100] "GET /topaidi/brain/1/newIdea HTTP/1.1" 200 2578
0:0:0:0:0:0:0:1 - - [15/Jan/2019:10:08:48 +0100] "POST /topaidi/brain/1/newIdea HTTP/1.1" 500 10609
127.0.0.1 - - [15/Jan/2019:10:12:04 +0100] "GET / HTTP/1.1" 404 996
0:0:0:0:0:0:0:1 - - [15/Jan/2019:10:13:04 +0100] "GET /topaidi/brain/1/newIdea HTTP/1.1" 200 2578
127.0.0.1 - - [15/Jan/2019:10:18:59 +0100] "GET / HTTP/1.1" 404 996
0:0:0:0:0:0:0:1 - - [15/Jan/2019:10:20:46 +0100] "GET /topaidi/brain/1/newIdea HTTP/1.1" 200 2578
0:0:0:0:0:0:0:1 - - [15/Jan/2019:10:20:47 +0100] "GET /topaidi/brain/1/newIdea HTTP/1.1" 200 2578
0:0:0:0:0:0:0:1 - - [15/Jan/2019:10:23:14 +0100] "POST /topaidi/brain/1/newIdea HTTP/1.1" 500 10609
127.0.0.1 - - [15/Jan/2019:10:28:51 +0100] "GET / HTTP/1.1" 404 996
127.0.0.1 - - [15/Jan/2019:10:31:38 +0100] "GET / HTTP/1.1" 404 996
127.0.0.1 - - [15/Jan/2019:10:33:00 +0100] "GET / HTTP/1.1" 404 996
0:0:0:0:0:0:0:1 - - [15/Jan/2019:10:33:03 +0100] "GET /topaidi/brain/2/newIdea HTTP/1.1" 200 2510
0:0:0:0:0:0:0:1 - - [15/Jan/2019:10:33:09 +0100] "POST /topaidi/brain/2/newIdea HTTP/1.1" 500 10609
127.0.0.1 - - [15/Jan/2019:10:33:39 +0100] "GET / HTTP/1.1" 404 996
0:0:0:0:0:0:0:1 - - [15/Jan/2019:10:33:41 +0100] "GET /topaidi/brain/2/newIdea HTTP/1.1" 200 2510
127.0.0.1 - - [15/Jan/2019:10:37:20 +0100] "GET / HTTP/1.1" 404 996
0:0:0:0:0:0:0:1 - - [15/Jan/2019:10:37:30 +0100] "GET /topaidi/brain/2/newIdea HTTP/1.1" 200 2578
127.0.0.1 - - [15/Jan/2019:10:41:06 +0100] "GET / HTTP/1.1" 404 996
127.0.0.1 - - [15/Jan/2019:10:42:54 +0100] "GET / HTTP/1.1" 404 996
127.0.0.1 - - [15/Jan/2019:10:44:06 +0100] "GET / HTTP/1.1" 404 996
0:0:0:0:0:0:0:1 - - [15/Jan/2019:10:44:10 +0100] "GET /topaidi/brain/2/newIdea HTTP/1.1" 200 2516
127.0.0.1 - - [15/Jan/2019:10:45:10 +0100] "GET / HTTP/1.1" 404 996
0:0:0:0:0:0:0:1 - - [15/Jan/2019:10:45:16 +0100] "GET /topaidi/brain/2/newIdea HTTP/1.1" 200 2578
0:0:0:0:0:0:0:1 - - [15/Jan/2019:10:45:32 +0100] "POST /topaidi/brain/2/newIdea HTTP/1.1" 302 -
0:0:0:0:0:0:0:1 - - [15/Jan/2019:10:45:32 +0100] "GET /topaidi/idea/presentation HTTP/1.1" 400 1005
127.0.0.1 - - [15/Jan/2019:10:46:54 +0100] "GET / HTTP/1.1" 404 996
0:0:0:0:0:0:0:1 - - [15/Jan/2019:10:47:14 +0100] "GET /topaidi/brain/1/newIdea HTTP/1.1" 200 2578
0:0:0:0:0:0:0:1 - - [15/Jan/2019:10:47:19 +0100] "POST /topaidi/brain/1/newIdea HTTP/1.1" 302 -
0:0:0:0:0:0:0:1 - - [15/Jan/2019:10:47:19 +0100] "GET /topaidi/idea/presentation HTTP/1.1" 400 1005
0:0:0:0:0:0:0:1 - - [15/Jan/2019:10:47:54 +0100] "GET /topaidi/brain/1/newIdea HTTP/1.1" 200 2578
127.0.0.1 - - [15/Jan/2019:10:51:47 +0100] "GET / HTTP/1.1" 404 996
0:0:0:0:0:0:0:1 - - [15/Jan/2019:10:51:49 +0100] "GET /topaidi/brain/1/newIdea HTTP/1.1" 200 2578
0:0:0:0:0:0:0:1 - - [15/Jan/2019:10:51:49 +0100] "GET /topaidi/brain/1/newIdea HTTP/1.1" 200 2578
0:0:0:0:0:0:0:1 - - [15/Jan/2019:10:51:55 +0100] "POST /topaidi/brain/1/newIdea HTTP/1.1" 302 -
0:0:0:0:0:0:0:1 - - [15/Jan/2019:10:51:56 +0100] "GET /topaidi/idea/5 HTTP/1.1" 200 5310
127.0.0.1 - - [15/Jan/2019:11:15:09 +0100] "GET / HTTP/1.1" 404 996
0:0:0:0:0:0:0:1 - - [15/Jan/2019:11:15:15 +0100] "GET /topaidi/brain/1/newIdea HTTP/1.1" 200 2621
0:0:0:0:0:0:0:1 - - [15/Jan/2019:11:15:27 +0100] "POST /topaidi/brain/1/newIdea HTTP/1.1" 404 1063
127.0.0.1 - - [15/Jan/2019:11:16:48 +0100] "GET / HTTP/1.1" 404 996
0:0:0:0:0:0:0:1 - - [15/Jan/2019:11:16:55 +0100] "GET /topaidi/brain/1/newIdea HTTP/1.1" 200 2621
0:0:0:0:0:0:0:1 - - [15/Jan/2019:11:17:01 +0100] "POST /topaidi/brain/1/newIdea HTTP/1.1" 404 1063
127.0.0.1 - - [15/Jan/2019:11:18:34 +0100] "GET / HTTP/1.1" 404 996
0:0:0:0:0:0:0:1 - - [15/Jan/2019:11:18:40 +0100] "GET /topaidi/brain/1/newIdea HTTP/1.1" 200 2621
0:0:0:0:0:0:0:1 - - [15/Jan/2019:11:18:46 +0100] "POST /topaidi/brain/1/newIdea HTTP/1.1" 404 1055
127.0.0.1 - - [15/Jan/2019:11:19:31 +0100] "GET / HTTP/1.1" 404 996
0:0:0:0:0:0:0:1 - - [15/Jan/2019:11:19:32 +0100] "GET /topaidi/brain/1/newIdea HTTP/1.1" 200 2621
0:0:0:0:0:0:0:1 - - [15/Jan/2019:11:19:40 +0100] "POST /topaidi/brain/1/newIdea HTTP/1.1" 404 1065
127.0.0.1 - - [15/Jan/2019:11:20:34 +0100] "GET / HTTP/1.1" 404 996
0:0:0:0:0:0:0:1 - - [15/Jan/2019:11:20:40 +0100] "GET /topaidi/brain/1/newIdea HTTP/1.1" 200 2621
0:0:0:0:0:0:0:1 - - [15/Jan/2019:11:20:45 +0100] "POST /topaidi/brain/1/newIdea HTTP/1.1" 404 1065
127.0.0.1 - - [15/Jan/2019:11:22:02 +0100] "GET / HTTP/1.1" 404 996
0:0:0:0:0:0:0:1 - - [15/Jan/2019:11:22:03 +0100] "GET /topaidi/brain/1/newIdea HTTP/1.1" 200 2621
0:0:0:0:0:0:0:1 - - [15/Jan/2019:11:22:08 +0100] "POST /topaidi/brain/1/newIdea HTTP/1.1" 404 1074
127.0.0.1 - - [15/Jan/2019:11:23:11 +0100] "GET / HTTP/1.1" 404 996
0:0:0:0:0:0:0:1 - - [15/Jan/2019:11:23:13 +0100] "GET /topaidi/brain/1/newIdea HTTP/1.1" 200 2621
127.0.0.1 - - [15/Jan/2019:11:23:46 +0100] "GET / HTTP/1.1" 404 996
0:0:0:0:0:0:0:1 - - [15/Jan/2019:11:23:48 +0100] "GET /topaidi/brain/1/newIdea HTTP/1.1" 200 2621
0:0:0:0:0:0:0:1 - - [15/Jan/2019:11:23:56 +0100] "POST /topaidi/brain/1/newIdea HTTP/1.1" 500 4857
127.0.0.1 - - [15/Jan/2019:11:24:43 +0100] "GET / HTTP/1.1" 404 996
0:0:0:0:0:0:0:1 - - [15/Jan/2019:11:24:45 +0100] "GET /topaidi/brain/1/newIdea HTTP/1.1" 200 2621
0:0:0:0:0:0:0:1 - - [15/Jan/2019:11:25:18 +0100] "GET /topaidi/brain/1/newIdea HTTP/1.1" 200 2621
0:0:0:0:0:0:0:1 - - [15/Jan/2019:11:25:23 +0100] "POST /topaidi/brain/1/newIdea HTTP/1.1" 302 -
0:0:0:0:0:0:0:1 - - [15/Jan/2019:11:25:24 +0100] "GET /topaidi/idea/6 HTTP/1.1" 200 5292
0:0:0:0:0:0:0:1 - - [15/Jan/2019:11:25:28 +0100] "GET /topaidi/brain/1/newIdea HTTP/1.1" 200 2621
0:0:0:0:0:0:0:1 - - [15/Jan/2019:11:25:32 +0100] "GET /topaidi/brain/1/newIdea HTTP/1.1" 200 2621
127.0.0.1 - - [15/Jan/2019:11:28:30 +0100] "GET / HTTP/1.1" 404 996
0:0:0:0:0:0:0:1 - - [15/Jan/2019:11:28:38 +0100] "GET /topaidi/brain/1/newIdea HTTP/1.1" 200 2621
127.0.0.1 - - [15/Jan/2019:11:30:52 +0100] "GET / HTTP/1.1" 404 996
0:0:0:0:0:0:0:1 - - [15/Jan/2019:11:30:54 +0100] "POST /topaidi/brain/1/newIdea HTTP/1.1" 404 1063
0:0:0:0:0:0:0:1 - - [15/Jan/2019:11:30:55 +0100] "GET /topaidi/brain/1/newIdea HTTP/1.1" 200 2600
0:0:0:0:0:0:0:1 - - [15/Jan/2019:11:31:00 +0100] "GET /topaidi/brain/1/newIdea HTTP/1.1" 200 2600
127.0.0.1 - - [15/Jan/2019:11:31:56 +0100] "GET / HTTP/1.1" 404 996
0:0:0:0:0:0:0:1 - - [15/Jan/2019:11:32:00 +0100] "GET /topaidi/brain/1/newIdea HTTP/1.1" 200 2600
0:0:0:0:0:0:0:1 - - [15/Jan/2019:11:32:13 +0100] "POST /topaidi/brain/1/newIdea HTTP/1.1" 404 1060
127.0.0.1 - - [15/Jan/2019:11:33:02 +0100] "GET / HTTP/1.1" 404 996
0:0:0:0:0:0:0:1 - - [15/Jan/2019:11:33:04 +0100] "GET /topaidi/brain/1/newIdea HTTP/1.1" 200 2600
0:0:0:0:0:0:0:1 - - [15/Jan/2019:11:33:10 +0100] "POST /topaidi/brain/1/newIdea HTTP/1.1" 302 -
0:0:0:0:0:0:0:1 - - [15/Jan/2019:11:33:10 +0100] "GET /topaidi/1/newIdea HTTP/1.1" 404 969
127.0.0.1 - - [15/Jan/2019:11:33:46 +0100] "GET / HTTP/1.1" 404 996
0:0:0:0:0:0:0:1 - - [15/Jan/2019:11:33:46 +0100] "GET /topaidi/1/newIdea HTTP/1.1" 404 969
0:0:0:0:0:0:0:1 - - [15/Jan/2019:11:33:48 +0100] "GET /topaidi/brain/1/newIdea HTTP/1.1" 200 2600
0:0:0:0:0:0:0:1 - - [15/Jan/2019:11:33:48 +0100] "GET /topaidi/brain/1/newIdea HTTP/1.1" 200 2600
0:0:0:0:0:0:0:1 - - [15/Jan/2019:11:33:48 +0100] "GET /topaidi/brain/1/newIdea HTTP/1.1" 200 2600
0:0:0:0:0:0:0:1 - - [15/Jan/2019:11:33:48 +0100] "GET /topaidi/brain/1/newIdea HTTP/1.1" 200 2600
0:0:0:0:0:0:0:1 - - [15/Jan/2019:11:33:50 +0100] "GET /topaidi/brain/1/newIdea HTTP/1.1" 200 2600
0:0:0:0:0:0:0:1 - - [15/Jan/2019:11:33:52 +0100] "POST /topaidi/brain/1/newIdea HTTP/1.1" 302 -
0:0:0:0:0:0:0:1 - - [15/Jan/2019:11:33:52 +0100] "GET /topaidi/brain/1/brain/1/newIdea HTTP/1.1" 404 969
127.0.0.1 - - [15/Jan/2019:11:35:00 +0100] "GET / HTTP/1.1" 404 996
0:0:0:0:0:0:0:1 - - [15/Jan/2019:11:35:02 +0100] "GET /topaidi/brain/1/newIdea HTTP/1.1" 200 2600
0:0:0:0:0:0:0:1 - - [15/Jan/2019:11:35:02 +0100] "GET /topaidi/brain/1/newIdea HTTP/1.1" 200 2600
0:0:0:0:0:0:0:1 - - [15/Jan/2019:11:35:04 +0100] "POST /topaidi/brain/1/newIdea HTTP/1.1" 302 -
0:0:0:0:0:0:0:1 - - [15/Jan/2019:11:35:04 +0100] "GET /topaidi/newIdea HTTP/1.1" 404 969
127.0.0.1 - - [15/Jan/2019:11:36:11 +0100] "GET / HTTP/1.1" 404 996
0:0:0:0:0:0:0:1 - - [15/Jan/2019:11:36:12 +0100] "POST /topaidi/brain/1/newIdea HTTP/1.1" 302 -
0:0:0:0:0:0:0:1 - - [15/Jan/2019:11:36:12 +0100] "GET /topaidi/newIdea HTTP/1.1" 404 969
0:0:0:0:0:0:0:1 - - [15/Jan/2019:11:36:18 +0100] "GET /topaidi/brain/1/newIdea HTTP/1.1" 200 2600
0:0:0:0:0:0:0:1 - - [15/Jan/2019:11:36:22 +0100] "GET /topaidi/brain/1/newIdea HTTP/1.1" 200 2600
0:0:0:0:0:0:0:1 - - [15/Jan/2019:11:36:24 +0100] "POST /topaidi/brain/1/newIdea HTTP/1.1" 302 -
0:0:0:0:0:0:0:1 - - [15/Jan/2019:11:36:24 +0100] "GET /topaidi/newIdea HTTP/1.1" 404 969
0:0:0:0:0:0:0:1 - - [15/Jan/2019:11:36:27 +0100] "GET /topaidi/brain/1/newIdea HTTP/1.1" 200 2600
127.0.0.1 - - [15/Jan/2019:11:36:52 +0100] "GET / HTTP/1.1" 404 996
0:0:0:0:0:0:0:1 - - [15/Jan/2019:11:37:15 +0100] "GET /topaidi/brain/1/newIdea HTTP/1.1" 200 2600
0:0:0:0:0:0:0:1 - - [15/Jan/2019:11:37:15 +0100] "POST /topaidi/brain/1/newIdea HTTP/1.1" 302 -
0:0:0:0:0:0:0:1 - - [15/Jan/2019:11:37:15 +0100] "GET /topaidi/newIdea HTTP/1.1" 404 969
127.0.0.1 - - [15/Jan/2019:11:37:53 +0100] "GET / HTTP/1.1" 404 996
0:0:0:0:0:0:0:1 - - [15/Jan/2019:11:37:55 +0100] "GET /topaidi/brain/1/newIdea HTTP/1.1" 200 2600
0:0:0:0:0:0:0:1 - - [15/Jan/2019:11:38:13 +0100] "POST /topaidi/brain/1/newIdea HTTP/1.1" 302 -
0:0:0:0:0:0:0:1 - - [15/Jan/2019:11:38:13 +0100] "GET /topaidi/newIdea HTTP/1.1" 404 969
0:0:0:0:0:0:0:1 - - [15/Jan/2019:11:38:27 +0100] "GET /topaidi/brain/1/newIdea HTTP/1.1" 200 2600
127.0.0.1 - - [15/Jan/2019:11:56:33 +0100] "GET / HTTP/1.1" 404 996
0:0:0:0:0:0:0:1 - - [15/Jan/2019:11:56:35 +0100] "GET /topaidi/brain/1/newIdea HTTP/1.1" 200 2600
0:0:0:0:0:0:0:1 - - [15/Jan/2019:11:57:45 +0100] "POST /topaidi/brain/1/newIdea HTTP/1.1" 302 -
0:0:0:0:0:0:0:1 - - [15/Jan/2019:11:57:45 +0100] "GET /topaidi/newIdea HTTP/1.1" 404 969
0:0:0:0:0:0:0:1 - - [15/Jan/2019:11:57:48 +0100] "GET /topaidi/brain/1/newIdea HTTP/1.1" 200 2600
127.0.0.1 - - [15/Jan/2019:12:41:03 +0100] "GET / HTTP/1.1" 404 996
0:0:0:0:0:0:0:1 - - [15/Jan/2019:12:41:05 +0100] "GET /topaidi/brain/1/newIdea HTTP/1.1" 200 2600
0:0:0:0:0:0:0:1 - - [15/Jan/2019:12:41:12 +0100] "POST /topaidi/brain/1/newIdea HTTP/1.1" 302 -
0:0:0:0:0:0:0:1 - - [15/Jan/2019:12:41:12 +0100] "GET /topaidi/newIdea HTTP/1.1" 404 969
0:0:0:0:0:0:0:1 - - [15/Jan/2019:12:44:50 +0100] "GET /topaidi/brain/1/newIdea HTTP/1.1" 200 2600
127.0.0.1 - - [15/Jan/2019:12:45:09 +0100] "GET / HTTP/1.1" 404 996
0:0:0:0:0:0:0:1 - - [15/Jan/2019:12:45:12 +0100] "GET /topaidi/brain/1/newIdea HTTP/1.1" 200 2600
0:0:0:0:0:0:0:1 - - [15/Jan/2019:12:45:20 +0100] "POST /topaidi/brain/1/newIdea HTTP/1.1" 302 -
0:0:0:0:0:0:0:1 - - [15/Jan/2019:12:45:20 +0100] "GET /topaidi/newIdea HTTP/1.1" 404 969
127.0.0.1 - - [15/Jan/2019:12:46:38 +0100] "GET / HTTP/1.1" 404 996
0:0:0:0:0:0:0:1 - - [15/Jan/2019:12:46:40 +0100] "GET /topaidi/brain/1/newIdea HTTP/1.1" 200 2600
0:0:0:0:0:0:0:1 - - [15/Jan/2019:12:46:42 +0100] "GET /topaidi/brain/1/newIdea HTTP/1.1" 200 2600
0:0:0:0:0:0:0:1 - - [15/Jan/2019:12:46:50 +0100] "POST /topaidi/brain/1/newIdea HTTP/1.1" 302 -
0:0:0:0:0:0:0:1 - - [15/Jan/2019:12:46:51 +0100] "GET /topaidi/idea/7 HTTP/1.1" 200 5451
127.0.0.1 - - [15/Jan/2019:14:00:23 +0100] "GET / HTTP/1.1" 404 996
0:0:0:0:0:0:0:1 - - [15/Jan/2019:14:00:31 +0100] "GET /topaidi/brain/1/newIdea HTTP/1.1" 200 2804
0:0:0:0:0:0:0:1 - - [15/Jan/2019:14:00:54 +0100] "GET /topaidi/brain/1/newIdea HTTP/1.1" 200 2803
0:0:0:0:0:0:0:1 - - [15/Jan/2019:14:00:58 +0100] "GET /topaidi/brain/1/newIdea HTTP/1.1" 200 2803
127.0.0.1 - - [15/Jan/2019:14:06:55 +0100] "GET / HTTP/1.1" 404 996
0:0:0:0:0:0:0:1 - - [15/Jan/2019:14:07:28 +0100] "POST /topaidi/brain/1/newIdea HTTP/1.1" 500 6340
127.0.0.1 - - [15/Jan/2019:14:10:43 +0100] "GET / HTTP/1.1" 404 996
0:0:0:0:0:0:0:1 - - [15/Jan/2019:14:10:44 +0100] "GET /topaidi/brain/1/newIdea HTTP/1.1" 200 2803
0:0:0:0:0:0:0:1 - - [15/Jan/2019:14:10:48 +0100] "POST /topaidi/brain/1/newIdea HTTP/1.1" 302 -
0:0:0:0:0:0:0:1 - - [15/Jan/2019:14:10:48 +0100] "GET /topaidi/brain/1/newIdea HTTP/1.1" 200 2803
127.0.0.1 - - [15/Jan/2019:14:14:53 +0100] "GET / HTTP/1.1" 404 996
0:0:0:0:0:0:0:1 - - [15/Jan/2019:14:14:57 +0100] "GET /topaidi/brain/1/newIdea HTTP/1.1" 200 2803
0:0:0:0:0:0:0:1 - - [15/Jan/2019:14:15:08 +0100] "POST /topaidi/brain/1/newIdea HTTP/1.1" 302 -
0:0:0:0:0:0:0:1 - - [15/Jan/2019:14:15:08 +0100] "GET /topaidi/brain/1/newIdea HTTP/1.1" 200 2803
0:0:0:0:0:0:0:1 - - [15/Jan/2019:14:16:42 +0100] "GET /topaidi/brain/1/newIdea HTTP/1.1" 200 2803
0:0:0:0:0:0:0:1 - - [15/Jan/2019:14:18:05 +0100] "POST /topaidi/brain/1/newIdea HTTP/1.1" 302 -
0:0:0:0:0:0:0:1 - - [15/Jan/2019:14:18:05 +0100] "GET /topaidi/brain/1/newIdea HTTP/1.1" 200 2803
0:0:0:0:0:0:0:1 - - [15/Jan/2019:14:18:21 +0100] "POST /topaidi/brain/1/newIdea HTTP/1.1" 302 -
0:0:0:0:0:0:0:1 - - [15/Jan/2019:14:18:21 +0100] "GET /topaidi/brain/1/newIdea HTTP/1.1" 200 2803
127.0.0.1 - - [15/Jan/2019:14:19:36 +0100] "GET / HTTP/1.1" 404 996
0:0:0:0:0:0:0:1 - - [15/Jan/2019:14:19:38 +0100] "GET /topaidi/brain/1/newIdea HTTP/1.1" 200 2803
0:0:0:0:0:0:0:1 - - [15/Jan/2019:14:19:51 +0100] "GET /topaidi/brain/1/newIdea HTTP/1.1" 200 2803
0:0:0:0:0:0:0:1 - - [15/Jan/2019:14:20:00 +0100] "POST /topaidi/brain/1/newIdea HTTP/1.1" 302 -
0:0:0:0:0:0:0:1 - - [15/Jan/2019:14:20:00 +0100] "GET /topaidi/brain/1/newIdea HTTP/1.1" 200 2803
127.0.0.1 - - [15/Jan/2019:14:21:34 +0100] "GET / HTTP/1.1" 404 996
0:0:0:0:0:0:0:1 - - [15/Jan/2019:14:21:39 +0100] "GET /topaidi/brain/1/newIdea HTTP/1.1" 200 2803
0:0:0:0:0:0:0:1 - - [15/Jan/2019:14:21:45 +0100] "POST /topaidi/brain/1/newIdea HTTP/1.1" 404 1063
127.0.0.1 - - [15/Jan/2019:14:23:08 +0100] "GET / HTTP/1.1" 404 996
127.0.0.1 - - [15/Jan/2019:14:23:29 +0100] "GET / HTTP/1.1" 404 996
0:0:0:0:0:0:0:1 - - [15/Jan/2019:14:23:39 +0100] "GET /topaidi/brain/1/newIdea HTTP/1.1" 200 2803
0:0:0:0:0:0:0:1 - - [15/Jan/2019:14:23:49 +0100] "POST /topaidi/brain/1/newIdea HTTP/1.1" 404 1060
0:0:0:0:0:0:0:1 - - [15/Jan/2019:14:24:10 +0100] "GET /topaidi/brain/1/newIdea HTTP/1.1" 200 2803
0:0:0:0:0:0:0:1 - - [15/Jan/2019:14:24:22 +0100] "POST /topaidi/brain/1/newIdea HTTP/1.1" 404 1055
127.0.0.1 - - [15/Jan/2019:14:25:29 +0100] "GET / HTTP/1.1" 404 996
0:0:0:0:0:0:0:1 - - [15/Jan/2019:14:25:32 +0100] "GET /topaidi/brain/1/newIdea HTTP/1.1" 200 2803
0:0:0:0:0:0:0:1 - - [15/Jan/2019:14:25:52 +0100] "POST /topaidi/brain/1/newIdea HTTP/1.1" 404 1070
127.0.0.1 - - [15/Jan/2019:14:26:23 +0100] "GET / HTTP/1.1" 404 996
0:0:0:0:0:0:0:1 - - [15/Jan/2019:14:26:36 +0100] "GET /topaidi/brain/1/newIdea HTTP/1.1" 200 2803
0:0:0:0:0:0:0:1 - - [15/Jan/2019:14:26:44 +0100] "POST /topaidi/brain/1/newIdea HTTP/1.1" 404 1065
127.0.0.1 - - [15/Jan/2019:14:27:27 +0100] "GET / HTTP/1.1" 404 996
0:0:0:0:0:0:0:1 - - [15/Jan/2019:14:27:29 +0100] "GET /topaidi/brain/1/newIdea HTTP/1.1" 200 2803
0:0:0:0:0:0:0:1 - - [15/Jan/2019:14:27:36 +0100] "POST /topaidi/brain/1/newIdea HTTP/1.1" 302 -
0:0:0:0:0:0:0:1 - - [15/Jan/2019:14:27:36 +0100] "GET /topaidi/brain/1/newIdea HTTP/1.1" 200 2803
127.0.0.1 - - [15/Jan/2019:14:28:54 +0100] "GET / HTTP/1.1" 404 996
0:0:0:0:0:0:0:1 - - [15/Jan/2019:14:28:55 +0100] "GET /topaidi/brain/1/newIdea HTTP/1.1" 200 2803
0:0:0:0:0:0:0:1 - - [15/Jan/2019:14:29:35 +0100] "POST /topaidi/brain/1/newIdea HTTP/1.1" 302 -
0:0:0:0:0:0:0:1 - - [15/Jan/2019:14:29:35 +0100] "GET /topaidi/brain/1/newIdea HTTP/1.1" 200 2803
0:0:0:0:0:0:0:1 - - [15/Jan/2019:14:29:54 +0100] "POST /topaidi/brain/1/newIdea HTTP/1.1" 302 -
0:0:0:0:0:0:0:1 - - [15/Jan/2019:14:29:54 +0100] "GET /topaidi/brain/1/newIdea HTTP/1.1" 200 2803
127.0.0.1 - - [15/Jan/2019:14:31:25 +0100] "GET / HTTP/1.1" 404 996
0:0:0:0:0:0:0:1 - - [15/Jan/2019:14:31:31 +0100] "GET /topaidi/brain/1/newIdea HTTP/1.1" 200 2803
0:0:0:0:0:0:0:1 - - [15/Jan/2019:14:31:39 +0100] "POST /topaidi/brain/1/newIdea HTTP/1.1" 302 -
0:0:0:0:0:0:0:1 - - [15/Jan/2019:14:31:39 +0100] "GET /topaidi/brain/1/newIdea HTTP/1.1" 200 2803
0:0:0:0:0:0:0:1 - - [15/Jan/2019:14:34:31 +0100] "POST /topaidi/brain/1/newIdea HTTP/1.1" 302 -
0:0:0:0:0:0:0:1 - - [15/Jan/2019:14:34:31 +0100] "GET /topaidi/brain/1/newIdea HTTP/1.1" 200 2803
0:0:0:0:0:0:0:1 - - [15/Jan/2019:14:34:39 +0100] "POST /topaidi/brain/1/newIdea HTTP/1.1" 302 -
0:0:0:0:0:0:0:1 - - [15/Jan/2019:14:34:39 +0100] "GET /topaidi/brain/1/newIdea HTTP/1.1" 200 2803
127.0.0.1 - - [15/Jan/2019:14:37:31 +0100] "GET / HTTP/1.1" 404 996
0:0:0:0:0:0:0:1 - - [15/Jan/2019:14:37:35 +0100] "GET /topaidi/brain/1/newIdea HTTP/1.1" 200 2803
0:0:0:0:0:0:0:1 - - [15/Jan/2019:14:37:40 +0100] "POST /topaidi/brain/1/newIdea HTTP/1.1" 200 3069
127.0.0.1 - - [15/Jan/2019:14:38:38 +0100] "GET / HTTP/1.1" 404 996
0:0:0:0:0:0:0:1 - - [15/Jan/2019:14:38:40 +0100] "GET /topaidi/brain/1/newIdea HTTP/1.1" 200 2803
0:0:0:0:0:0:0:1 - - [15/Jan/2019:14:39:01 +0100] "POST /topaidi/brain/1/newIdea HTTP/1.1" 302 -
0:0:0:0:0:0:0:1 - - [15/Jan/2019:14:39:01 +0100] "GET /topaidi/idea/8 HTTP/1.1" 302 -
0:0:0:0:0:0:0:1 - - [15/Jan/2019:14:39:03 +0100] "GET /topaidi/login HTTP/1.1" 200 2288
0:0:0:0:0:0:0:1 - - [15/Jan/2019:14:39:13 +0100] "GET /topaidi/brain/1/newIdea HTTP/1.1" 200 2803
127.0.0.1 - - [15/Jan/2019:15:00:00 +0100] "GET / HTTP/1.1" 404 996
0:0:0:0:0:0:0:1 - - [15/Jan/2019:15:00:00 +0100] "GET /topaidi/brain/1/newIdea HTTP/1.1" 302 -
0:0:0:0:0:0:0:1 - - [15/Jan/2019:15:00:00 +0100] "GET /topaidi/login HTTP/1.1" 200 2288
0:0:0:0:0:0:0:1 - - [15/Jan/2019:15:01:35 +0100] "POST /topaidi/login/processForm HTTP/1.1" 200 1786
0:0:0:0:0:0:0:1 - - [15/Jan/2019:15:01:46 +0100] "GET /topaidi/brain/1/newIdea HTTP/1.1" 200 2803
0:0:0:0:0:0:0:1 - - [15/Jan/2019:15:02:01 +0100] "POST /topaidi/brain/1/newIdea HTTP/1.1" 500 6389
127.0.0.1 - - [15/Jan/2019:15:03:03 +0100] "GET / HTTP/1.1" 404 996
0:0:0:0:0:0:0:1 - - [15/Jan/2019:15:03:03 +0100] "GET /topaidi/brain/1/newIdea HTTP/1.1" 302 -
0:0:0:0:0:0:0:1 - - [15/Jan/2019:15:03:04 +0100] "GET /topaidi/login HTTP/1.1" 200 2288
0:0:0:0:0:0:0:1 - - [15/Jan/2019:15:03:16 +0100] "POST /topaidi/login/processForm HTTP/1.1" 200 1786
0:0:0:0:0:0:0:1 - - [15/Jan/2019:15:05:42 +0100] "POST /topaidi/login/processForm HTTP/1.1" 200 1879
0:0:0:0:0:0:0:1 - - [15/Jan/2019:15:06:06 +0100] "POST /topaidi/login/processForm HTTP/1.1" 200 1883
0:0:0:0:0:0:0:1 - - [15/Jan/2019:15:06:07 +0100] "GET /topaidi/idea/newIdea HTTP/1.1" 400 1005
127.0.0.1 - - [15/Jan/2019:15:07:10 +0100] "GET / HTTP/1.1" 404 996
0:0:0:0:0:0:0:1 - - [15/Jan/2019:15:07:16 +0100] "GET /topaidi/idea/newIdea HTTP/1.1" 400 1005
127.0.0.1 - - [15/Jan/2019:15:12:20 +0100] "GET / HTTP/1.1" 404 996
0:0:0:0:0:0:0:1 - - [15/Jan/2019:15:13:37 +0100] "GET /topaidi/login/processForm HTTP/1.1" 405 1091
0:0:0:0:0:0:0:1 - - [15/Jan/2019:15:13:48 +0100] "GET /topaidi/home HTTP/1.1" 200 5580
0:0:0:0:0:0:0:1 - - [15/Jan/2019:15:14:01 +0100] "GET /topaidi/login/processForm HTTP/1.1" 405 1091
0:0:0:0:0:0:0:1 - - [15/Jan/2019:15:14:17 +0100] "GET /topaidi/login/ HTTP/1.1" 200 2288
0:0:0:0:0:0:0:1 - - [15/Jan/2019:15:14:25 +0100] "POST /topaidi/login/processForm HTTP/1.1" 200 1883
0:0:0:0:0:0:0:1 - - [15/Jan/2019:15:14:27 +0100] "GET /topaidi/idea/newIdea HTTP/1.1" 400 1005
0:0:0:0:0:0:0:1 - - [15/Jan/2019:15:16:24 +0100] "GET /topaidi/idea/newIdea HTTP/1.1" 400 1005
127.0.0.1 - - [15/Jan/2019:15:22:24 +0100] "GET / HTTP/1.1" 404 996
0:0:0:0:0:0:0:1 - - [15/Jan/2019:15:22:25 +0100] "GET /topaidi/home HTTP/1.1" 200 5580
0:0:0:0:0:0:0:1 - - [15/Jan/2019:15:22:25 +0100] "GET /topaidi/home HTTP/1.1" 200 5580
0:0:0:0:0:0:0:1 - - [15/Jan/2019:15:22:32 +0100] "GET /topaidi/login/processForm HTTP/1.1" 405 1091
0:0:0:0:0:0:0:1 - - [15/Jan/2019:15:22:36 +0100] "GET /topaidi/login HTTP/1.1" 200 2288
0:0:0:0:0:0:0:1 - - [15/Jan/2019:15:22:48 +0100] "POST /topaidi/login/processForm HTTP/1.1" 200 1868
0:0:0:0:0:0:0:1 - - [15/Jan/2019:15:22:50 +0100] "GET /topaidi/login/processForm HTTP/1.1" 405 1091
0:0:0:0:0:0:0:1 - - [15/Jan/2019:15:23:04 +0100] "POST /topaidi/login/processForm HTTP/1.1" 200 1868
0:0:0:0:0:0:0:1 - - [15/Jan/2019:15:23:34 +0100] "GET /topaidi/brain/1/newIdea HTTP/1.1" 200 2803
0:0:0:0:0:0:0:1 - - [15/Jan/2019:15:23:37 +0100] "GET /topaidi/brain/welcome HTTP/1.1" 404 969
0:0:0:0:0:0:0:1 - - [15/Jan/2019:15:23:44 +0100] "GET /topaidi/login HTTP/1.1" 200 2288
0:0:0:0:0:0:0:1 - - [15/Jan/2019:15:23:54 +0100] "POST /topaidi/login/processForm HTTP/1.1" 200 1882
0:0:0:0:0:0:0:1 - - [15/Jan/2019:15:23:55 +0100] "GET /topaidi/login/www.google.com HTTP/1.1" 404 969
0:0:0:0:0:0:0:1 - - [15/Jan/2019:15:24:32 +0100] "POST /topaidi/login/processForm HTTP/1.1" 200 1891
0:0:0:0:0:0:0:1 - - [15/Jan/2019:15:24:34 +0100] "GET /topaidi/brain//newIdea HTTP/1.1" 404 969
127.0.0.1 - - [15/Jan/2019:15:25:11 +0100] "GET / HTTP/1.1" 404 996
0:0:0:0:0:0:0:1 - - [15/Jan/2019:15:25:12 +0100] "GET /topaidi/login HTTP/1.1" 200 2288
0:0:0:0:0:0:0:1 - - [15/Jan/2019:15:25:29 +0100] "POST /topaidi/login/processForm HTTP/1.1" 200 1891
0:0:0:0:0:0:0:1 - - [15/Jan/2019:15:25:30 +0100] "GET /topaidi/brain//newIdea HTTP/1.1" 404 969
127.0.0.1 - - [15/Jan/2019:15:26:56 +0100] "GET / HTTP/1.1" 404 996
0:0:0:0:0:0:0:1 - - [15/Jan/2019:15:26:59 +0100] "POST /topaidi/login/processForm HTTP/1.1" 200 1883
0:0:0:0:0:0:0:1 - - [15/Jan/2019:15:27:02 +0100] "GET /brain//newIdea HTTP/1.1" 404 1018
127.0.0.1 - - [15/Jan/2019:15:28:03 +0100] "GET / HTTP/1.1" 404 996
0:0:0:0:0:0:0:1 - - [15/Jan/2019:15:28:04 +0100] "GET /topaidi/login HTTP/1.1" 200 2288
0:0:0:0:0:0:0:1 - - [15/Jan/2019:15:28:19 +0100] "POST /topaidi/login/processForm HTTP/1.1" 200 1891
0:0:0:0:0:0:0:1 - - [15/Jan/2019:15:28:21 +0100] "GET /topaidi/brain//newIdea HTTP/1.1" 404 969
127.0.0.1 - - [15/Jan/2019:15:31:26 +0100] "GET / HTTP/1.1" 404 996
0:0:0:0:0:0:0:1 - - [15/Jan/2019:15:31:27 +0100] "GET /topaidi/login HTTP/1.1" 200 2288
0:0:0:0:0:0:0:1 - - [15/Jan/2019:15:31:38 +0100] "POST /topaidi/login/processForm HTTP/1.1" 302 -
0:0:0:0:0:0:0:1 - - [15/Jan/2019:15:31:38 +0100] "GET /topaidi/brain/0/welcome HTTP/1.1" 200 1892
127.0.0.1 - - [15/Jan/2019:15:32:26 +0100] "GET / HTTP/1.1" 404 996
0:0:0:0:0:0:0:1 - - [15/Jan/2019:15:32:27 +0100] "GET /topaidi/login HTTP/1.1" 200 2288
0:0:0:0:0:0:0:1 - - [15/Jan/2019:15:32:47 +0100] "POST /topaidi/login/processForm HTTP/1.1" 302 -
0:0:0:0:0:0:0:1 - - [15/Jan/2019:15:32:47 +0100] "GET /topaidi/brain/2/welcome HTTP/1.1" 200 1892
0:0:0:0:0:0:0:1 - - [15/Jan/2019:15:32:51 +0100] "GET /topaidi/brain/2/newIdea HTTP/1.1" 200 2803
0:0:0:0:0:0:0:1 - - [15/Jan/2019:15:40:42 +0100] "GET /topaidi/brain/2/newIdea HTTP/1.1" 200 2803
0:0:0:0:0:0:0:1 - - [15/Jan/2019:15:41:05 +0100] "GET /topaidi/brain/2/welcome HTTP/1.1" 200 1971
0:0:0:0:0:0:0:1 - - [15/Jan/2019:15:41:07 +0100] "GET /home HTTP/1.1" 404 1000
0:0:0:0:0:0:0:1 - - [15/Jan/2019:15:41:26 +0100] "GET /topaidi/brain/2/welcome HTTP/1.1" 200 1979
0:0:0:0:0:0:0:1 - - [15/Jan/2019:15:41:28 +0100] "GET /topaidi/home HTTP/1.1" 200 5580
0:0:0:0:0:0:0:1 - - [15/Jan/2019:15:41:38 +0100] "GET /topaidi/home HTTP/1.1" 200 5580
127.0.0.1 - - [15/Jan/2019:15:47:42 +0100] "GET / HTTP/1.1" 404 996
0:0:0:0:0:0:0:1 - - [15/Jan/2019:15:47:43 +0100] "GET /topaidi/home HTTP/1.1" 200 5580
127.0.0.1 - - [15/Jan/2019:15:48:20 +0100] "GET / HTTP/1.1" 404 996
0:0:0:0:0:0:0:1 - - [15/Jan/2019:15:48:30 +0100] "GET /topaidi/home HTTP/1.1" 200 5580
0:0:0:0:0:0:0:1 - - [15/Jan/2019:15:51:29 +0100] "GET /favicon.ico HTTP/1.1" 404 1007
127.0.0.1 - - [15/Jan/2019:15:51:29 +0100] "GET / HTTP/1.1" 404 996
127.0.0.1 - - [15/Jan/2019:15:53:53 +0100] "GET / HTTP/1.1" 404 996
0:0:0:0:0:0:0:1 - - [15/Jan/2019:15:54:14 +0100] "GET /music/rest/artists/list HTTP/1.1" 404 1031
0:0:0:0:0:0:0:1 - - [15/Jan/2019:15:54:14 +0100] "GET /favicon.ico HTTP/1.1" 404 1007
0:0:0:0:0:0:0:1 - - [15/Jan/2019:15:54:19 +0100] "GET /topaidi/home HTTP/1.1" 200 7079
0:0:0:0:0:0:0:1 - - [15/Jan/2019:15:54:19 +0100] "GET /topaidi/css/style.css;jsessionid=65C3AAFC7606BD6D8ED0E48D6B862BD2 HTTP/1.1" 200 783
0:0:0:0:0:0:0:1 - - [15/Jan/2019:15:54:21 +0100] "GET /favicon.ico HTTP/1.1" 404 1007
0:0:0:0:0:0:0:1 - - [15/Jan/2019:15:55:22 +0100] "GET /favicon.ico HTTP/1.1" 404 1007
0:0:0:0:0:0:0:1 - - [15/Jan/2019:15:55:27 +0100] "GET /topaidi/home HTTP/1.1" 200 6683
0:0:0:0:0:0:0:1 - - [15/Jan/2019:15:55:58 +0100] "GET /topaidi/home HTTP/1.1" 200 6683
0:0:0:0:0:0:0:1 - - [15/Jan/2019:15:56:22 +0100] "GET /topaidi/idea/1 HTTP/1.1" 302 -
0:0:0:0:0:0:0:1 - - [15/Jan/2019:15:56:23 +0100] "GET /topaidi/login HTTP/1.1" 200 2288
0:0:0:0:0:0:0:1 - - [15/Jan/2019:15:56:30 +0100] "POST /topaidi/login/processForm HTTP/1.1" 302 -
0:0:0:0:0:0:0:1 - - [15/Jan/2019:15:56:30 +0100] "GET /topaidi/brain/2/welcome HTTP/1.1" 200 1979
