127.0.0.1 - - [02/Jan/2019:09:51:45 +0100] "GET / HTTP/1.1" 404 996
0:0:0:0:0:0:0:1 - - [02/Jan/2019:09:54:14 +0100] "GET / HTTP/1.1" 404 996
0:0:0:0:0:0:0:1 - - [02/Jan/2019:09:54:14 +0100] "GET /favicon.ico HTTP/1.1" 404 1007
127.0.0.1 - - [02/Jan/2019:09:54:25 +0100] "GET / HTTP/1.1" 404 996
0:0:0:0:0:0:0:1 - - [02/Jan/2019:09:54:25 +0100] "GET / HTTP/1.1" 404 996
127.0.0.1 - - [02/Jan/2019:10:46:26 +0100] "GET / HTTP/1.1" 404 996
127.0.0.1 - - [02/Jan/2019:10:48:35 +0100] "GET / HTTP/1.1" 404 996
0:0:0:0:0:0:0:1 - - [02/Jan/2019:10:49:17 +0100] "GET /MaPremiereServlet/MaPremiereServlet HTTP/1.1" 200 29
127.0.0.1 - - [02/Jan/2019:10:51:18 +0100] "GET / HTTP/1.1" 404 996
0:0:0:0:0:0:0:1 - - [02/Jan/2019:10:51:30 +0100] "GET /Toto/titi HTTP/1.1" 200 16
127.0.0.1 - - [02/Jan/2019:11:15:22 +0100] "GET / HTTP/1.1" 404 996
0:0:0:0:0:0:0:1 - - [02/Jan/2019:11:15:33 +0100] "GET /MaPremiereServlet/MaPremiereServlet HTTP/1.1" 404 1035
0:0:0:0:0:0:0:1 - - [02/Jan/2019:11:15:37 +0100] "GET /Toto/titi HTTP/1.1" 404 1009
0:0:0:0:0:0:0:1 - - [02/Jan/2019:11:15:54 +0100] "GET /MaPremiereServlet HTTP/1.1" 404 1013
0:0:0:0:0:0:0:1 - - [02/Jan/2019:11:15:57 +0100] "GET /MaPremiereServlet HTTP/1.1" 404 1013
0:0:0:0:0:0:0:1 - - [02/Jan/2019:11:16:33 +0100] "GET /Toto/MaPremiereServlet HTTP/1.1" 200 16
0:0:0:0:0:0:0:1 - - [02/Jan/2019:11:41:16 +0100] "GET /Toto/MaPremiereServlet HTTP/1.1" 200 16
0:0:0:0:0:0:0:1 - - [02/Jan/2019:11:42:31 +0100] "GET /Toto/MaPremiereServlet HTTP/1.1" 200 3
0:0:0:0:0:0:0:1 - - [02/Jan/2019:11:42:35 +0100] "POST /Toto/MaPremiereServlet HTTP/1.1" 200 4
0:0:0:0:0:0:0:1 - - [02/Jan/2019:11:43:56 +0100] "GET /Toto/MaPremiereServlet HTTP/1.1" 200 3
0:0:0:0:0:0:0:1 - - [02/Jan/2019:11:43:58 +0100] "GET /Toto/MaPremiereServlet HTTP/1.1" 200 3
0:0:0:0:0:0:0:1 - - [02/Jan/2019:11:44:13 +0100] "POST /Toto/MaPremiereServlet HTTP/1.1" 200 4
127.0.0.1 - - [02/Jan/2019:11:44:23 +0100] "GET / HTTP/1.1" 404 996
0:0:0:0:0:0:0:1 - - [02/Jan/2019:11:44:26 +0100] "POST /Toto/MaPremiereServlet HTTP/1.1" 200 8
0:0:0:0:0:0:0:1 - - [02/Jan/2019:12:46:44 +0100] "GET /Toto/MaPremiereServlet?name=Julie HTTP/1.1" 200 9
127.0.0.1 - - [02/Jan/2019:12:48:47 +0100] "GET / HTTP/1.1" 404 996
0:0:0:0:0:0:0:1 - - [02/Jan/2019:12:48:47 +0100] "GET /Toto/MaPremiereServlet?name=Julie HTTP/1.1" 200 9
0:0:0:0:0:0:0:1 - - [02/Jan/2019:12:48:58 +0100] "POST /Toto/MaPremiereServlet?name=Gerard HTTP/1.1" 200 15
0:0:0:0:0:0:0:1 - - [02/Jan/2019:12:50:33 +0100] "POST /Toto/MaPremiereServlet?name=Gerard HTTP/1.1" 200 15
0:0:0:0:0:0:0:1 - - [02/Jan/2019:12:50:40 +0100] "POST /Toto/MaPremiereServlet HTTP/1.1" 200 14
127.0.0.1 - - [02/Jan/2019:12:56:37 +0100] "GET / HTTP/1.1" 404 996
0:0:0:0:0:0:0:1 - - [02/Jan/2019:12:56:42 +0100] "POST /Toto/MaPremiereServlet HTTP/1.1" 200 5
0:0:0:0:0:0:0:1 - - [02/Jan/2019:12:57:07 +0100] "POST /Toto/MaPremiereServlet HTTP/1.1" 500 1514
0:0:0:0:0:0:0:1 - - [02/Jan/2019:12:57:46 +0100] "POST /Toto/MaPremiereServlet HTTP/1.1" 500 1514
0:0:0:0:0:0:0:1 - - [02/Jan/2019:12:58:11 +0100] "POST /Toto/MaPremiereServlet?name=Julio&password=hello HTTP/1.1" 500 1514
0:0:0:0:0:0:0:1 - - [02/Jan/2019:13:01:45 +0100] "POST /Toto/MaPremiereServlet HTTP/1.1" 500 1514
127.0.0.1 - - [02/Jan/2019:13:02:06 +0100] "GET / HTTP/1.1" 404 996
0:0:0:0:0:0:0:1 - - [02/Jan/2019:13:02:12 +0100] "POST /Toto/MaPremiereServlet HTTP/1.1" 200 7
0:0:0:0:0:0:0:1 - - [02/Jan/2019:13:02:28 +0100] "POST /Toto/MaPremiereServlet HTTP/1.1" 200 5
0:0:0:0:0:0:0:1 - - [02/Jan/2019:13:02:34 +0100] "POST /Toto/MaPremiereServlet HTTP/1.1" 200 7
127.0.0.1 - - [02/Jan/2019:13:04:46 +0100] "GET / HTTP/1.1" 404 996
0:0:0:0:0:0:0:1 - - [02/Jan/2019:13:04:52 +0100] "POST /Toto/Login HTTP/1.1" 200 7
127.0.0.1 - - [02/Jan/2019:13:12:58 +0100] "GET / HTTP/1.1" 404 996
0:0:0:0:0:0:0:1 - - [02/Jan/2019:13:13:02 +0100] "POST /Toto/Login HTTP/1.1" 302 -
0:0:0:0:0:0:0:1 - - [02/Jan/2019:13:13:02 +0100] "GET /welcome HTTP/1.1" 404 1003
127.0.0.1 - - [02/Jan/2019:13:13:46 +0100] "GET / HTTP/1.1" 404 996
0:0:0:0:0:0:0:1 - - [02/Jan/2019:13:13:46 +0100] "POST /Toto/Login HTTP/1.1" 302 -
0:0:0:0:0:0:0:1 - - [02/Jan/2019:13:13:46 +0100] "GET /Toto/welcome HTTP/1.1" 200 3
127.0.0.1 - - [02/Jan/2019:13:14:28 +0100] "GET / HTTP/1.1" 404 996
0:0:0:0:0:0:0:1 - - [02/Jan/2019:13:14:28 +0100] "POST /Toto/Login HTTP/1.1" 302 -
0:0:0:0:0:0:0:1 - - [02/Jan/2019:13:14:28 +0100] "GET /Toto/welcome HTTP/1.1" 200 7
0:0:0:0:0:0:0:1 - - [02/Jan/2019:13:15:12 +0100] "POST /Toto/Login HTTP/1.1" 302 -
0:0:0:0:0:0:0:1 - - [02/Jan/2019:13:15:12 +0100] "GET /Toto/welcome HTTP/1.1" 200 7
127.0.0.1 - - [02/Jan/2019:13:15:53 +0100] "GET / HTTP/1.1" 404 996
0:0:0:0:0:0:0:1 - - [02/Jan/2019:13:15:53 +0100] "POST /Toto/Login HTTP/1.1" 302 -
0:0:0:0:0:0:0:1 - - [02/Jan/2019:13:15:53 +0100] "GET /Toto/welcome HTTP/1.1" 200 28
0:0:0:0:0:0:0:1 - - [02/Jan/2019:13:53:13 +0100] "POST /Toto/LoginSession HTTP/1.1" 404 1017
127.0.0.1 - - [02/Jan/2019:13:53:23 +0100] "GET / HTTP/1.1" 404 996
0:0:0:0:0:0:0:1 - - [02/Jan/2019:13:53:25 +0100] "POST /Toto/LoginSession HTTP/1.1" 302 -
0:0:0:0:0:0:0:1 - - [02/Jan/2019:13:53:25 +0100] "GET /Toto/welcome HTTP/1.1" 200 28
0:0:0:0:0:0:0:1 - - [02/Jan/2019:13:53:34 +0100] "POST /Toto/LoginSession HTTP/1.1" 302 -
0:0:0:0:0:0:0:1 - - [02/Jan/2019:13:53:34 +0100] "GET /Toto/Error HTTP/1.1" 200 5
0:0:0:0:0:0:0:1 - - [02/Jan/2019:13:53:41 +0100] "POST /Toto/LoginSession HTTP/1.1" 302 -
0:0:0:0:0:0:0:1 - - [02/Jan/2019:13:53:41 +0100] "GET /Toto/welcome HTTP/1.1" 200 28
127.0.0.1 - - [02/Jan/2019:14:00:53 +0100] "GET / HTTP/1.1" 404 996
0:0:0:0:0:0:0:1 - - [02/Jan/2019:14:00:54 +0100] "POST /Toto/LoginSession HTTP/1.1" 302 -
0:0:0:0:0:0:0:1 - - [02/Jan/2019:14:00:54 +0100] "GET /Toto/welcome HTTP/1.1" 200 28
0:0:0:0:0:0:0:1 - - [02/Jan/2019:14:01:02 +0100] "GET /Toto/LoginSession HTTP/1.1" 200 -
0:0:0:0:0:0:0:1 - - [02/Jan/2019:14:01:10 +0100] "POST /Toto/LoginSession HTTP/1.1" 302 -
0:0:0:0:0:0:0:1 - - [02/Jan/2019:14:01:10 +0100] "GET /Toto/welcome HTTP/1.1" 200 28
127.0.0.1 - - [02/Jan/2019:14:23:25 +0100] "GET / HTTP/1.1" 404 996
0:0:0:0:0:0:0:1 - - [02/Jan/2019:14:24:01 +0100] "POST /Toto/Cart HTTP/1.1" 200 -
0:0:0:0:0:0:0:1 - - [02/Jan/2019:14:24:07 +0100] "GET /Toto/Cart HTTP/1.1" 200 4
0:0:0:0:0:0:0:1 - - [02/Jan/2019:14:24:18 +0100] "GET /Toto/Cart HTTP/1.1" 200 4
0:0:0:0:0:0:0:1 - - [02/Jan/2019:14:24:23 +0100] "POST /Toto/Cart HTTP/1.1" 200 -
0:0:0:0:0:0:0:1 - - [02/Jan/2019:14:24:27 +0100] "GET /Toto/Cart HTTP/1.1" 200 8
127.0.0.1 - - [02/Jan/2019:14:24:48 +0100] "GET / HTTP/1.1" 404 996
0:0:0:0:0:0:0:1 - - [02/Jan/2019:14:25:03 +0100] "POST /Toto/Cart HTTP/1.1" 200 -
0:0:0:0:0:0:0:1 - - [02/Jan/2019:14:25:07 +0100] "GET /Toto/Cart HTTP/1.1" 200 7
127.0.0.1 - - [02/Jan/2019:14:25:48 +0100] "GET / HTTP/1.1" 404 996
0:0:0:0:0:0:0:1 - - [02/Jan/2019:14:25:49 +0100] "GET /Toto/Cart HTTP/1.1" 200 -
0:0:0:0:0:0:0:1 - - [02/Jan/2019:14:25:54 +0100] "POST /Toto/Cart HTTP/1.1" 200 -
0:0:0:0:0:0:0:1 - - [02/Jan/2019:14:25:59 +0100] "GET /Toto/Cart HTTP/1.1" 200 7
0:0:0:0:0:0:0:1 - - [02/Jan/2019:14:26:18 +0100] "POST /Toto/Cart HTTP/1.1" 200 -
0:0:0:0:0:0:0:1 - - [02/Jan/2019:14:26:27 +0100] "POST /Toto/Cart HTTP/1.1" 200 -
0:0:0:0:0:0:0:1 - - [02/Jan/2019:14:26:32 +0100] "POST /Toto/Cart HTTP/1.1" 200 -
0:0:0:0:0:0:0:1 - - [02/Jan/2019:14:26:36 +0100] "GET /Toto/Cart HTTP/1.1" 200 10
0:0:0:0:0:0:0:1 - - [02/Jan/2019:14:26:50 +0100] "POST /Toto/Cart HTTP/1.1" 200 -
0:0:0:0:0:0:0:1 - - [02/Jan/2019:14:26:55 +0100] "GET /Toto/Cart HTTP/1.1" 200 16
127.0.0.1 - - [02/Jan/2019:14:27:16 +0100] "GET / HTTP/1.1" 404 996
0:0:0:0:0:0:0:1 - - [02/Jan/2019:14:27:19 +0100] "POST /Toto/Cart HTTP/1.1" 200 -
0:0:0:0:0:0:0:1 - - [02/Jan/2019:14:27:24 +0100] "POST /Toto/Cart HTTP/1.1" 200 -
0:0:0:0:0:0:0:1 - - [02/Jan/2019:14:27:29 +0100] "POST /Toto/Cart HTTP/1.1" 200 -
0:0:0:0:0:0:0:1 - - [02/Jan/2019:14:27:32 +0100] "GET /Toto/Cart HTTP/1.1" 200 16
0:0:0:0:0:0:0:1 - - [02/Jan/2019:14:29:12 +0100] "GET /Toto/Cart HTTP/1.1" 200 16
127.0.0.1 - - [02/Jan/2019:14:32:52 +0100] "GET / HTTP/1.1" 404 996
0:0:0:0:0:0:0:1 - - [02/Jan/2019:14:33:01 +0100] "GET /Toto/Cart HTTP/1.1" 200 -
0:0:0:0:0:0:0:1 - - [02/Jan/2019:14:33:05 +0100] "POST /Toto/Cart HTTP/1.1" 200 -
0:0:0:0:0:0:0:1 - - [02/Jan/2019:14:33:10 +0100] "POST /Toto/Cart HTTP/1.1" 200 -
0:0:0:0:0:0:0:1 - - [02/Jan/2019:14:33:18 +0100] "POST /Toto/Cart HTTP/1.1" 200 -
0:0:0:0:0:0:0:1 - - [02/Jan/2019:14:33:21 +0100] "GET /Toto/Cart HTTP/1.1" 200 16
127.0.0.1 - - [02/Jan/2019:14:56:37 +0100] "GET / HTTP/1.1" 404 996
0:0:0:0:0:0:0:1 - - [02/Jan/2019:14:56:46 +0100] "GET /Toto/Cart HTTP/1.1" 200 16
0:0:0:0:0:0:0:1 - - [02/Jan/2019:14:56:53 +0100] "POST /Toto/Cart HTTP/1.1" 200 -
0:0:0:0:0:0:0:1 - - [02/Jan/2019:14:56:59 +0100] "GET /Toto/Cart HTTP/1.1" 200 22
127.0.0.1 - - [02/Jan/2019:14:58:47 +0100] "GET / HTTP/1.1" 404 996
0:0:0:0:0:0:0:1 - - [02/Jan/2019:14:58:52 +0100] "GET /Toto/Cart HTTP/1.1" 200 22
0:0:0:0:0:0:0:1 - - [02/Jan/2019:15:00:20 +0100] "GET /Toto/Cart HTTP/1.1" 200 22
0:0:0:0:0:0:0:1 - - [02/Jan/2019:15:00:21 +0100] "GET /Toto/Cart HTTP/1.1" 200 22
0:0:0:0:0:0:0:1 - - [02/Jan/2019:15:00:31 +0100] "GET /Toto/LoginSession HTTP/1.1" 200 -
0:0:0:0:0:0:0:1 - - [02/Jan/2019:15:00:53 +0100] "POST /Toto/LoginSession HTTP/1.1" 302 -
0:0:0:0:0:0:0:1 - - [02/Jan/2019:15:00:53 +0100] "GET /Toto/welcome HTTP/1.1" 200 28
0:0:0:0:0:0:0:1 - - [02/Jan/2019:15:01:19 +0100] "POST /Toto/Cart HTTP/1.1" 200 -
0:0:0:0:0:0:0:1 - - [02/Jan/2019:15:01:22 +0100] "GET /Toto/Cart HTTP/1.1" 200 8
127.0.0.1 - - [02/Jan/2019:15:03:04 +0100] "GET / HTTP/1.1" 404 996
0:0:0:0:0:0:0:1 - - [02/Jan/2019:15:03:10 +0100] "GET /Toto/Cart HTTP/1.1" 200 8
0:0:0:0:0:0:0:1 - - [02/Jan/2019:15:03:11 +0100] "GET /Toto/Cart HTTP/1.1" 200 8
0:0:0:0:0:0:0:1 - - [02/Jan/2019:15:03:12 +0100] "GET /Toto/Cart HTTP/1.1" 200 8
0:0:0:0:0:0:0:1 - - [02/Jan/2019:15:03:12 +0100] "GET /Toto/Cart HTTP/1.1" 200 8
0:0:0:0:0:0:0:1 - - [02/Jan/2019:15:03:13 +0100] "GET /Toto/Cart HTTP/1.1" 200 8
0:0:0:0:0:0:0:1 - - [02/Jan/2019:15:03:20 +0100] "GET /Toto/Cart HTTP/1.1" 200 8
0:0:0:0:0:0:0:1 - - [02/Jan/2019:15:03:25 +0100] "POST /Toto/Cart HTTP/1.1" 200 -
0:0:0:0:0:0:0:1 - - [02/Jan/2019:15:03:29 +0100] "GET /Toto/Cart HTTP/1.1" 200 16
127.0.0.1 - - [02/Jan/2019:15:06:03 +0100] "GET / HTTP/1.1" 404 996
0:0:0:0:0:0:0:1 - - [02/Jan/2019:15:06:09 +0100] "GET /Toto/Cart HTTP/1.1" 200 16
127.0.0.1 - - [02/Jan/2019:15:07:06 +0100] "GET / HTTP/1.1" 404 996
0:0:0:0:0:0:0:1 - - [02/Jan/2019:15:07:11 +0100] "GET /Toto/Cart HTTP/1.1" 200 16
0:0:0:0:0:0:0:1 - - [02/Jan/2019:15:07:14 +0100] "GET /Toto/Cart HTTP/1.1" 200 16
0:0:0:0:0:0:0:1 - - [02/Jan/2019:15:07:14 +0100] "GET /Toto/Cart HTTP/1.1" 200 16
0:0:0:0:0:0:0:1 - - [02/Jan/2019:15:07:14 +0100] "GET /Toto/Cart HTTP/1.1" 200 16
0:0:0:0:0:0:0:1 - - [02/Jan/2019:15:07:15 +0100] "GET /Toto/Cart HTTP/1.1" 200 16
0:0:0:0:0:0:0:1 - - [02/Jan/2019:15:07:28 +0100] "POST /Toto/Cart HTTP/1.1" 200 -
0:0:0:0:0:0:0:1 - - [02/Jan/2019:15:07:32 +0100] "GET /Toto/Cart HTTP/1.1" 200 21
127.0.0.1 - - [02/Jan/2019:15:08:39 +0100] "GET / HTTP/1.1" 404 996
0:0:0:0:0:0:0:1 - - [02/Jan/2019:15:08:46 +0100] "GET /Toto/Cart HTTP/1.1" 200 21
127.0.0.1 - - [02/Jan/2019:15:21:07 +0100] "GET / HTTP/1.1" 404 996
0:0:0:0:0:0:0:1 - - [02/Jan/2019:15:21:20 +0100] "POST /Toto/Cart HTTP/1.1" 200 -
0:0:0:0:0:0:0:1 - - [02/Jan/2019:15:21:27 +0100] "POST /Toto/Cart HTTP/1.1" 200 -
0:0:0:0:0:0:0:1 - - [02/Jan/2019:15:21:32 +0100] "POST /Toto/Cart HTTP/1.1" 200 -
0:0:0:0:0:0:0:1 - - [02/Jan/2019:15:21:35 +0100] "GET /Toto/Cart HTTP/1.1" 200 43
0:0:0:0:0:0:0:1 - - [02/Jan/2019:15:30:20 +0100] "GET /Toto/Cart HTTP/1.1" 302 -
0:0:0:0:0:0:0:1 - - [02/Jan/2019:15:30:20 +0100] "GET /Toto/Error HTTP/1.1" 200 5
0:0:0:0:0:0:0:1 - - [02/Jan/2019:15:30:22 +0100] "GET /Toto/Error HTTP/1.1" 200 5
127.0.0.1 - - [02/Jan/2019:16:05:08 +0100] "GET / HTTP/1.1" 404 996
0:0:0:0:0:0:0:1 - - [02/Jan/2019:16:05:15 +0100] "GET /Toto/welcome HTTP/1.1" 302 -
0:0:0:0:0:0:0:1 - - [02/Jan/2019:16:05:15 +0100] "GET /Toto/Error HTTP/1.1" 200 5
0:0:0:0:0:0:0:1 - - [02/Jan/2019:16:05:17 +0100] "GET /Toto/welcome HTTP/1.1" 302 -
0:0:0:0:0:0:0:1 - - [02/Jan/2019:16:05:17 +0100] "GET /Toto/Error HTTP/1.1" 200 5
0:0:0:0:0:0:0:1 - - [02/Jan/2019:16:05:39 +0100] "GET /Toto/welcome HTTP/1.1" 302 -
0:0:0:0:0:0:0:1 - - [02/Jan/2019:16:05:39 +0100] "GET /Toto/Error HTTP/1.1" 200 5
0:0:0:0:0:0:0:1 - - [02/Jan/2019:16:05:41 +0100] "GET /Toto/welcome HTTP/1.1" 302 -
0:0:0:0:0:0:0:1 - - [02/Jan/2019:16:05:41 +0100] "GET /Toto/Error HTTP/1.1" 200 5
0:0:0:0:0:0:0:1 - - [02/Jan/2019:16:05:59 +0100] "GET /Toto/welcome HTTP/1.1" 302 -
0:0:0:0:0:0:0:1 - - [02/Jan/2019:16:05:59 +0100] "GET /Toto/Error HTTP/1.1" 200 5
0:0:0:0:0:0:0:1 - - [02/Jan/2019:16:06:01 +0100] "GET /Toto/welcome HTTP/1.1" 302 -
0:0:0:0:0:0:0:1 - - [02/Jan/2019:16:06:01 +0100] "GET /Toto/Error HTTP/1.1" 200 5
0:0:0:0:0:0:0:1 - - [02/Jan/2019:16:06:15 +0100] "GET /Toto/LoginSession HTTP/1.1" 200 -
0:0:0:0:0:0:0:1 - - [02/Jan/2019:16:06:19 +0100] "POST /Toto/LoginSession HTTP/1.1" 302 -
0:0:0:0:0:0:0:1 - - [02/Jan/2019:16:06:20 +0100] "GET /Toto/welcome HTTP/1.1" 200 154
0:0:0:0:0:0:0:1 - - [02/Jan/2019:16:06:48 +0100] "POST /Toto/LoginSession HTTP/1.1" 302 -
127.0.0.1 - - [02/Jan/2019:16:06:48 +0100] "GET / HTTP/1.1" 404 996
0:0:0:0:0:0:0:1 - - [02/Jan/2019:16:06:49 +0100] "GET /Toto/welcome HTTP/1.1" 200 158
0:0:0:0:0:0:0:1 - - [02/Jan/2019:16:12:40 +0100] "POST /Toto/LoginSession HTTP/1.1" 302 -
0:0:0:0:0:0:0:1 - - [02/Jan/2019:16:12:40 +0100] "GET /Toto/welcome HTTP/1.1" 200 158
0:0:0:0:0:0:0:1 - - [02/Jan/2019:16:12:48 +0100] "POST /Toto/Welcome HTTP/1.1" 404 1012
0:0:0:0:0:0:0:1 - - [02/Jan/2019:16:12:58 +0100] "POST /Toto/LoginSession HTTP/1.1" 302 -
0:0:0:0:0:0:0:1 - - [02/Jan/2019:16:12:58 +0100] "GET /Toto/welcome HTTP/1.1" 200 158
0:0:0:0:0:0:0:1 - - [02/Jan/2019:16:19:36 +0100] "POST /Toto/LoginSession HTTP/1.1" 302 -
0:0:0:0:0:0:0:1 - - [02/Jan/2019:16:19:36 +0100] "GET /Toto/welcome HTTP/1.1" 200 158
0:0:0:0:0:0:0:1 - - [02/Jan/2019:16:20:59 +0100] "POST /Toto/LoginSession HTTP/1.1" 200 -
0:0:0:0:0:0:0:1 - - [02/Jan/2019:16:21:03 +0100] "GET /Toto/LoginSession HTTP/1.1" 200 374
0:0:0:0:0:0:0:1 - - [02/Jan/2019:16:21:22 +0100] "GET /Toto/LoginSession HTTP/1.1" 200 374
127.0.0.1 - - [02/Jan/2019:16:24:12 +0100] "GET / HTTP/1.1" 404 996
127.0.0.1 - - [02/Jan/2019:16:25:07 +0100] "GET / HTTP/1.1" 404 996
0:0:0:0:0:0:0:1 - - [02/Jan/2019:16:25:23 +0100] "GET /Toto/LoginSession HTTP/1.1" 200 382
0:0:0:0:0:0:0:1 - - [02/Jan/2019:16:25:33 +0100] "POST /Toto/LoginSession HTTP/1.1" 302 -
0:0:0:0:0:0:0:1 - - [02/Jan/2019:16:25:33 +0100] "GET /Toto/welcome HTTP/1.1" 200 158
127.0.0.1 - - [02/Jan/2019:16:25:54 +0100] "GET / HTTP/1.1" 404 996
0:0:0:0:0:0:0:1 - - [02/Jan/2019:16:25:55 +0100] "GET /Toto/welcome HTTP/1.1" 200 156
0:0:0:0:0:0:0:1 - - [02/Jan/2019:16:25:56 +0100] "GET /Toto/LoginSession HTTP/1.1" 200 382
0:0:0:0:0:0:0:1 - - [02/Jan/2019:16:25:57 +0100] "POST /Toto/LoginSession HTTP/1.1" 302 -
0:0:0:0:0:0:0:1 - - [02/Jan/2019:16:25:57 +0100] "GET /Toto/welcome HTTP/1.1" 200 156
0:0:0:0:0:0:0:1 - - [02/Jan/2019:16:29:30 +0100] "GET /Toto/LoginSession HTTP/1.1" 200 382
0:0:0:0:0:0:0:1 - - [02/Jan/2019:16:29:34 +0100] "POST /Toto/LoginSession HTTP/1.1" 302 -
0:0:0:0:0:0:0:1 - - [02/Jan/2019:16:29:34 +0100] "GET /Toto/Error HTTP/1.1" 200 5
0:0:0:0:0:0:0:1 - - [02/Jan/2019:16:29:36 +0100] "GET /Toto/LoginSession HTTP/1.1" 200 382
0:0:0:0:0:0:0:1 - - [02/Jan/2019:16:29:40 +0100] "POST /Toto/LoginSession HTTP/1.1" 302 -
0:0:0:0:0:0:0:1 - - [02/Jan/2019:16:29:40 +0100] "GET /Toto/welcome HTTP/1.1" 200 156
